// Jest Snapshot v1, https://goo.gl/fbAQLP

exports[`Pruebas en <GifItem /> debe de hacer match con el snapchot 1`] = `
<div>
  <div
    class="card"
  >
    <img
      alt="Diego"
      src="https://one-punch.com/saitama.jpg"
    />
    <p>
      Diego
    </p>
  </div>
</div>
`;
